[app.ergo7.net/surge-data/images/favicon.png]
[app.ergo7.net/surge-data/images/apple-touch-icon.png]
[backblue.gif]
[fade.gif]
[index.html]
[app.ergo7.net/surge/index.php/comments/feed/index.html]
[app.ergo7.net/surge/index.php/feed/index.html]
[app.ergo7.net/surge/wp-content/plugins/woocommerce/assets/fonts/star.eot]
[app.ergo7.net/surge/wp-content/plugins/woocommerce/assets/fonts/stard41d.eot]
[app.ergo7.net/surge/wp-content/plugins/woocommerce/assets/fonts/star.woff]
[app.ergo7.net/surge/wp-content/plugins/woocommerce/assets/fonts/star.ttf]
[app.ergo7.net/surge/wp-includes/js/jquery/jqueryb8ff.js]
[app.ergo7.net/surge/wp-includes/js/jquery/jquery-migrate.min330a.js]
[app.ergo7.net/surge/wp-content/plugins/woocommerce/assets/js/frontend/add-to-cart.min4c8b.js]
[app.ergo7.net/surge/wp-content/plugins/js_composer/assets/js/vendors/woocommerce-add-to-cart4245.js]
[app.ergo7.net/surge/xmlrpc0db0.php]
[app.ergo7.net/surge/wp-includes/wlwmanifest.xml]
[app.ergo7.net/surge/index.php/wp-json/oembed/1.0/embedde9d.json]
[app.ergo7.net/surge/index.php/wp-json/oembed/1.0/embed99d1]
[app.ergo7.net/surge/wp-content/uploads/2018/04/main-hero50fa.jpg]
[app.ergo7.net/surge-data/images/surge-logo.png]
[app.ergo7.net/surge/wp-content/uploads/2018/04/Signature-size-low-white.png]
[app.ergo7.net/surge/wp-content/uploads/2018/01/sponsors-11-150x150.png]
[app.ergo7.net/surge/wp-content/uploads/2018/01/sponsors-10-150x150.png]
[app.ergo7.net/surge/wp-content/uploads/2018/01/sponsors-5-150x150.png]
[app.ergo7.net/surge/wp-content/uploads/2018/01/sponsors-2-150x150.png]
[app.ergo7.net/surge/wp-content/plugins/contact-form-7/includes/js/scriptsaead.js]
[app.ergo7.net/surge/wp-content/plugins/woocommerce/assets/js/jquery-blockui/jquery.blockUI.min44fd.js]
[app.ergo7.net/surge/wp-content/plugins/woocommerce/assets/js/js-cookie/js.cookie.min6b25.js]
[app.ergo7.net/surge/wp-content/plugins/woocommerce/assets/js/frontend/woocommerce.min4c8b.js]
[app.ergo7.net/surge/wp-content/plugins/woocommerce/assets/js/frontend/cart-fragments.min4c8b.js]
[app.ergo7.net/surge/wp-content/themes/surge/assets/js/skrollr.min.js]
[app.ergo7.net/surge/wp-content/themes/surge/assets/js/audio.js]
[app.ergo7.net/surge/wp-content/themes/surge/assets/js/p5.js]
[app.ergo7.net/surge/wp-content/themes/surge/assets/js/p5.dom.js]
[app.ergo7.net/surge/wp-content/themes/surge/assets/js/p5.sound.js]
[app.ergo7.net/surge/wp-content/themes/surge/assets/js/visualizer.js]
[app.ergo7.net/surge/wp-content/themes/surge/assets/js/parallax.js]
[app.ergo7.net/surge/wp-content/themes/surge/assets/js/jquery.lettering.js]
[app.ergo7.net/surge/wp-content/themes/surge/assets/js/jquery.textillate.js]
[app.ergo7.net/surge/wp-content/themes/surge/assets/js/particles.js]
[app.ergo7.net/surge/wp-content/themes/surge/assets/js/scrolloverflow.min.js]
[app.ergo7.net/surge/wp-content/themes/surge/assets/js/jquery.fullPage.js]
[app.ergo7.net/surge/wp-content/themes/surge/assets/js/bootstrap.min.js]
[app.ergo7.net/surge/wp-content/themes/surge/assets/js/wavesurfer.min.js]
[app.ergo7.net/surge/wp-content/themes/surge/assets/js/anime.min.js]
[app.ergo7.net/surge/wp-content/themes/surge/assets/js/custom.js]
[app.ergo7.net/surge/wp-includes/js/wp-embed.min55fe.js]
[app.ergo7.net/surge/wp-content/plugins/kirki/modules/webfont-loader/vendor-typekit/webfontloader8e5e.js]
[app.ergo7.net/surge/wp-content/plugins/js_composer/assets/js/dist/js_composer_front.min4245.js]
[app.ergo7.net/surge/wp-content/plugins/js_composer/assets/lib/bower/skrollr/dist/skrollr.min4245.js]
[app.ergo7.net/surge/wp-content/plugins/js_composer/assets/lib/prettyphoto/js/jquery.prettyPhoto.min4245.js]
[app.ergo7.net/surge/wp-content/plugins/js_composer/assets/lib/bower/masonry/dist/masonry.pkgd.min4245.js]
[app.ergo7.net/surge/wp-content/plugins/js_composer/assets/lib/owl-carousel2-dist/owl.carousel.min4245.js]
[app.ergo7.net/surge/wp-content/plugins/js_composer/assets/lib/bower/imagesloaded/imagesloaded.pkgd.min55fe.js]
[app.ergo7.net/surge/wp-includes/js/underscore.min4511.js]
[app.ergo7.net/surge/wp-content/plugins/js_composer/assets/lib/waypoints/waypoints.min4245.js]
[app.ergo7.net/surge/wp-content/plugins/js_composer/assets/js/dist/vc_grid.min4245.js]
[app.ergo7.net/surge/wp-content/plugins/js_composer/assets/lib/vc_accordion/vc-accordion.min4245.js]
[app.ergo7.net/surge/wp-content/plugins/js_composer/assets/lib/vc-tta-autoplay/vc-tta-autoplay.min4245.js]
[app.ergo7.net/surge/wp-content/plugins/js_composer/assets/lib/vc_tabs/vc-tabs.min4245.js]
[app.ergo7.net/surge/index.html]
[app.ergo7.net/surge/wp-content/plugins/contact-form-7/images/ajax-loader.gif]
[app.ergo7.net/surge/wp-content/plugins/contact-form-7/includes/css/stylesaead.css]
[app.ergo7.net/surge/wp-content/plugins/woocommerce/assets/css/woocommerce-layout4c8b.css]
[app.ergo7.net/surge/wp-content/plugins/woocommerce/assets/css/woocommerce-smallscreen4c8b.css]
[app.ergo7.net/surge/wp-content/plugins/woocommerce/assets/fonts/WooCommerce.eot]
[app.ergo7.net/surge/wp-content/plugins/woocommerce/assets/fonts/WooCommerced41d.eot]
[app.ergo7.net/surge/wp-content/plugins/woocommerce/assets/fonts/WooCommerce.woff]
[app.ergo7.net/surge/wp-content/plugins/woocommerce/assets/fonts/WooCommerce.ttf]
[app.ergo7.net/surge/wp-content/plugins/woocommerce/assets/css/woocommerce4c8b.css]
[app.ergo7.net/surge/wp-content/themes/surge/assets/css/bootstrap.min55fe.css]
[app.ergo7.net/surge/wp-content/plugins/js_composer/assets/lib/bower/font-awesome/fonts/fontawesome-webfont3e6e.eot]
[app.ergo7.net/surge/wp-content/plugins/js_composer/assets/lib/bower/font-awesome/fonts/fontawesome-webfontd41d.eot]
[app.ergo7.net/surge/wp-content/plugins/js_composer/assets/lib/bower/font-awesome/fonts/fontawesome-webfont3e6e.woff2]
[app.ergo7.net/surge/wp-content/plugins/js_composer/assets/lib/bower/font-awesome/fonts/fontawesome-webfont3e6e.woff]
[app.ergo7.net/surge/wp-content/plugins/js_composer/assets/lib/bower/font-awesome/fonts/fontawesome-webfont3e6e.ttf]
[app.ergo7.net/surge/wp-content/plugins/js_composer/assets/lib/bower/font-awesome/css/font-awesome.min4245.css]
[app.ergo7.net/surge/wp-content/themes/surge/assets/css/jquery.fullPage55fe.css]
[app.ergo7.net/surge/wp-content/themes/surge/assets/images/07.png]
[app.ergo7.net/surge/wp-content/themes/surge/assets/images/player-graphics.gif]
[app.ergo7.net/surge/wp-content/themes/surge/assets/css/main-style55fe.css]
[app.ergo7.net/surge/wp-content/themes/surge/style55fe.css]
[app.ergo7.net/surge/wp-includes/fonts/dashicons.eot]
[app.ergo7.net/surge/wp-includes/css/dashicons.min55fe.css]
[app.ergo7.net/surge/wp-content/themes/surge/woocommerce55fe.css]
[app.ergo7.net/surge/wp-content/plugins/woocommerce/assets/fonts/star.svg]
[app.ergo7.net/surge/wp-content/plugins/js_composer/assets/vc/alert.png]
[app.ergo7.net/surge/wp-content/plugins/js_composer/assets/vc/info.png]
[app.ergo7.net/surge/wp-content/plugins/js_composer/assets/vc/tick.png]
[app.ergo7.net/surge/wp-content/plugins/js_composer/assets/vc/exclamation.png]
[app.ergo7.net/surge/wp-content/plugins/js_composer/assets/images/icons/address-book.png]
[app.ergo7.net/surge/wp-content/plugins/js_composer/assets/images/icons/alarm-clock.png]
[app.ergo7.net/surge/wp-content/plugins/js_composer/assets/images/icons/anchor.png]
[app.ergo7.net/surge/wp-content/plugins/js_composer/assets/images/icons/application-image.png]
[app.ergo7.net/surge/wp-content/plugins/js_composer/assets/images/icons/arrow.png]
[app.ergo7.net/surge/wp-content/plugins/js_composer/assets/images/icons/asterisk.png]
[app.ergo7.net/surge/wp-content/plugins/js_composer/assets/images/icons/auction-hammer.png]
[app.ergo7.net/surge/wp-content/plugins/js_composer/assets/images/icons/balloon.png]
[app.ergo7.net/surge/wp-content/plugins/js_composer/assets/images/icons/balloon-buzz.png]
[app.ergo7.net/surge/wp-content/plugins/js_composer/assets/images/icons/balloon-facebook.png]
[app.ergo7.net/surge/wp-content/plugins/js_composer/assets/images/icons/balloon-twitter.png]
[app.ergo7.net/surge/wp-content/plugins/js_composer/assets/images/icons/battery-full.png]
[app.ergo7.net/surge/wp-content/plugins/js_composer/assets/images/icons/binocular.png]
[app.ergo7.net/surge/wp-content/plugins/js_composer/assets/images/icons/blue-document-excel.png]
[app.ergo7.net/surge/wp-content/plugins/js_composer/assets/images/icons/blue-document-image.png]
[app.ergo7.net/surge/wp-content/plugins/js_composer/assets/images/icons/blue-document-music.png]
[app.ergo7.net/surge/wp-content/plugins/js_composer/assets/images/icons/blue-document-office.png]
[app.ergo7.net/surge/wp-content/plugins/js_composer/assets/images/icons/blue-document-pdf.png]
[app.ergo7.net/surge/wp-content/plugins/js_composer/assets/images/icons/blue-document-powerpoint.png]
[app.ergo7.net/surge/wp-content/plugins/js_composer/assets/images/icons/blue-document-word.png]
[app.ergo7.net/surge/wp-content/plugins/js_composer/assets/images/icons/bookmark.png]
[app.ergo7.net/surge/wp-content/plugins/js_composer/assets/images/icons/camcorder.png]
[app.ergo7.net/surge/wp-content/plugins/js_composer/assets/images/icons/camera.png]
[app.ergo7.net/surge/wp-content/plugins/js_composer/assets/images/icons/chart.png]
[app.ergo7.net/surge/wp-content/plugins/js_composer/assets/images/icons/chart-pie.png]
[app.ergo7.net/surge/wp-content/plugins/js_composer/assets/images/icons/clock.png]
[app.ergo7.net/surge/wp-content/plugins/js_composer/assets/images/icons/control.png]
[app.ergo7.net/surge/wp-content/plugins/js_composer/assets/images/icons/fire.png]
[app.ergo7.net/surge/wp-content/plugins/js_composer/assets/images/icons/heart.png]
[app.ergo7.net/surge/wp-content/plugins/js_composer/assets/images/icons/mail.png]
[app.ergo7.net/surge/wp-content/plugins/js_composer/assets/images/icons/plus-shield.png]
[app.ergo7.net/surge/wp-content/plugins/js_composer/assets/images/icons/video.png]
[app.ergo7.net/surge/wp-content/plugins/js_composer/assets/fonts/vc_icons_v2/fonts/vcpb-plugin-iconsb82a.eot]
[app.ergo7.net/surge/wp-content/plugins/js_composer/assets/fonts/vc_icons_v2/fonts/vcpb-plugin-iconsb82a.ttf]
[app.ergo7.net/surge/wp-content/plugins/js_composer/assets/fonts/vc_icons_v2/fonts/vcpb-plugin-iconsb82a.woff]
[app.ergo7.net/surge/wp-content/plugins/js_composer/assets/images/toggle_open.png]
[app.ergo7.net/surge/wp-content/plugins/js_composer/assets/images/toggle_close.png]
[app.ergo7.net/surge/wp-content/plugins/js_composer/assets/images/flickr.png]
[app.ergo7.net/surge/wp-content/plugins/js_composer/assets/fonts/vc_grid/vc_grid_v157a1.eot]
[app.ergo7.net/surge/wp-content/plugins/js_composer/assets/fonts/vc_grid/vc_grid_v1d41d.eot]
[app.ergo7.net/surge/wp-content/plugins/js_composer/assets/fonts/vc_grid/vc_grid_v157a1.woff]
[app.ergo7.net/surge/wp-content/plugins/js_composer/assets/fonts/vc_grid/vc_grid_v157a1.ttf]
[app.ergo7.net/surge/wp-content/plugins/js_composer/assets/images/spinner.gif]
[app.ergo7.net/surge/wp-content/plugins/js_composer/assets/vc/remove.png]
[app.ergo7.net/surge/wp-content/plugins/js_composer/assets/css/js_composer.min4245.css]
[app.ergo7.net/surge/wp-content/plugins/kirki/assets/css/kirki-styles4877.css]
[app.ergo7.net/surge/index.php/wp-json/oembed/1.0/embed36fc.json]
[app.ergo7.net/surge/index.php/wp-json/oembed/1.0/embed4a95]
[app.ergo7.net/surge/wp-content/plugins/woocommerce/assets/js/frontend/country-select.min4c8b.js]
[app.ergo7.net/surge/index.php/cart/index.html]
[app.ergo7.net/surge/index.php/wp-json/oembed/1.0/embed3247.json]
[app.ergo7.net/surge/wp-content/uploads/2018/04/surge-logo-300x184.png]
[app.ergo7.net/surge/wp-content/uploads/2018/01/sponsors-1-110x110.png]
[app.ergo7.net/surge/wp-content/uploads/2018/01/sponsors-2-110x110.png]
[app.ergo7.net/surge/wp-content/uploads/2018/01/sponsors-3-110x110.png]
[app.ergo7.net/surge/wp-content/uploads/2018/01/sponsors-4-110x110.png]
[app.ergo7.net/surge/wp-content/uploads/2018/01/sponsors-5-110x110.png]
[app.ergo7.net/surge/wp-content/uploads/2018/01/sponsors-6-110x110.png]
[app.ergo7.net/surge/wp-content/uploads/2018/01/sponsors-7-110x110.png]
[app.ergo7.net/surge/wp-content/uploads/2018/01/sponsors-8-110x110.png]
[app.ergo7.net/surge/wp-content/uploads/2018/01/sponsors-9-110x110.png]
[app.ergo7.net/surge/wp-content/uploads/2018/01/sponsors-10-110x110.png]
[app.ergo7.net/surge/wp-content/uploads/2018/01/sponsors-12-110x110.png]
[app.ergo7.net/surge/wp-content/uploads/2018/01/sponsors-11-110x110.png]
[app.ergo7.net/surge/wp-content/uploads/2018/01/credit-1-150x150.png]
[app.ergo7.net/surge/wp-content/uploads/2018/01/credit-2-150x150.png]
[app.ergo7.net/surge/wp-content/uploads/2018/01/credit-3-150x150.png]
[app.ergo7.net/surge/wp-content/uploads/2018/01/credit-4-150x150.png]
[app.ergo7.net/surge/wp-content/plugins/ergo7_surge/vc-template/assets/js/widgets55fe.js]
[app.ergo7.net/surge/index.php/home-one-page/index.html]
[app.ergo7.net/surge/index.php/wp-json/oembed/1.0/embed03f4.json]
[app.ergo7.net/surge/index.php/wp-json/oembed/1.0/embededad]
[app.ergo7.net/surge/wp-content/uploads/2018/01/stage12dd.jpg]
[app.ergo7.net/surge/wp-content/uploads/2018/04/music-header-image.jpg]
[app.ergo7.net/surge/wp-content/uploads/2018/03/gallery-5.jpg]
[app.ergo7.net/surge/wp-content/uploads/2018/03/gallery-2.jpg]
[app.ergo7.net/surge/wp-content/uploads/2018/03/gallery-1.jpg]
[app.ergo7.net/surge/index.php/schedule-3/index.html]
[app.ergo7.net/surge/index.php/wp-json/oembed/1.0/embedae75.json]
[app.ergo7.net/surge/index.php/wp-json/oembed/1.0/embed6611]
[app.ergo7.net/surge/index.php/tickets/index.html]
[app.ergo7.net/surge/index.php/wp-json/oembed/1.0/embed2a5f.json]
[app.ergo7.net/surge/index.php/wp-json/oembed/1.0/embeda9e6]
[app.ergo7.net/surge/index.php/gallery/index.html]
[app.ergo7.net/surge/wp-content/uploads/2018/03/product-3-300x300.jpg]
[app.ergo7.net/surge/index.php/shop/feed/index.html]
[app.ergo7.net/surge/wp-content/uploads/2018/03/product-1-300x300.jpg]
[app.ergo7.net/surge/wp-content/uploads/2018/03/product-10-300x300.jpg]
[app.ergo7.net/surge/wp-content/uploads/2018/03/product-2-300x300.jpg]
[app.ergo7.net/surge/wp-content/uploads/2018/03/product-4-300x300.c2.delayed]
[app.ergo7.net/surge/wp-content/uploads/2018/03/product-5-300x300.jpg]
[app.ergo7.net/surge/wp-content/uploads/2018/03/product-6-300x300.jpg]
[app.ergo7.net/surge/wp-content/uploads/2018/03/product-7-300x300.jpg]
[app.ergo7.net/surge/wp-content/uploads/2018/03/product-8-300x300.jpg]
[app.ergo7.net/surge/wp-content/uploads/2018/03/product-9-300x300.jpg]
[app.ergo7.net/surge/index.php/shop/index.html]
[app.ergo7.net/surge/index.php/wp-json/oembed/1.0/embedc133.json]
[app.ergo7.net/surge/index.php/wp-json/oembed/1.0/embed8d40]
[app.ergo7.net/surge/index.php/social/index.html]
[app.ergo7.net/surge/index.php/wp-json/oembed/1.0/embede039.json]
[app.ergo7.net/surge/index.php/wp-json/oembed/1.0/embed5e3d]
[app.ergo7.net/surge/index.php/sponsors/index.html]
[app.ergo7.net/surge/index.php/wp-json/oembed/1.0/embedf284.json]
[app.ergo7.net/surge/index.php/wp-json/oembed/1.0/embeda4d5]
[app.ergo7.net/surge/index.php/credits/index.html]
[app.ergo7.net/surge/index.php/wp-json/oembed/1.0/embed5142.json]
[app.ergo7.net/surge/index.php/wp-json/oembed/1.0/embed2fa7]
[app.ergo7.net/surge/wp-content/uploads/2018/04/surge-logo-small-300x184.png]
[app.ergo7.net/surge/index.php/contact/index.html]
[app.ergo7.net/surge/index.php/wp-json/oembed/1.0/embed99fd.json]
[app.ergo7.net/surge/index.php/wp-json/oembed/1.0/embeda3c6]
[app.ergo7.net/surge/wp-content/uploads/2018/02/conference-middle.jpg]
[app.ergo7.net/surge/index.php/artist/index.html]
[app.ergo7.net/surge/index.php/wp-json/oembed/1.0/embeda354.json]
[app.ergo7.net/surge/index.php/wp-json/oembed/1.0/embed3bd2]
[app.ergo7.net/surge/index.php/music-album/index.html]
[app.ergo7.net/surge/index.php/wp-json/oembed/1.0/embed82ed.json]
[app.ergo7.net/surge/index.php/wp-json/oembed/1.0/embed8bce]
[app.ergo7.net/surge/index.php/ask-us-2/index.html]
[app.ergo7.net/surge/index.php/2018/05/16/the-perfect-music-fest/feed/index.html]
[app.ergo7.net/surge/index.php/wp-json/oembed/1.0/embeddf57.json]
[app.ergo7.net/surge/index.php/wp-json/oembed/1.0/embedca27]
[app.ergo7.net/surge/wp-content/uploads/2018/04/main-hero.jpg]
[app.ergo7.net/surge/wp-content/uploads/2018/05/music-dj-blog.jpg]
[app.ergo7.net/surge/wp-includes/js/comment-reply.min55fe.js]
[app.ergo7.net/surge/index.php/2018/05/16/the-perfect-music-fest/index.html]
[app.ergo7.net/surge/wp-content/plugins/js_composer/assets/lib/prettyphoto/images/prettyPhoto/default/sprite.png]
[app.ergo7.net/surge/wp-content/plugins/js_composer/assets/lib/prettyphoto/images/prettyPhoto/default/sprite_x.png]
[app.ergo7.net/surge/wp-content/plugins/js_composer/assets/lib/prettyphoto/images/prettyPhoto/default/sprite_y.png]
[app.ergo7.net/surge/wp-content/plugins/js_composer/assets/lib/prettyphoto/images/prettyPhoto/default/sprite_next.png]
[app.ergo7.net/surge/wp-content/plugins/js_composer/assets/lib/prettyphoto/images/prettyPhoto/default/sprite_prev.png]
[app.ergo7.net/surge/wp-content/plugins/js_composer/assets/lib/prettyphoto/images/prettyPhoto/default/default_thumb.png]
[app.ergo7.net/surge/wp-content/plugins/js_composer/assets/lib/prettyphoto/images/prettyPhoto/default/loader.gif]
[app.ergo7.net/surge/wp-content/plugins/js_composer/assets/lib/prettyphoto/images/prettyPhoto/light_rounded/sprite.png]
[app.ergo7.net/surge/wp-content/plugins/js_composer/assets/lib/prettyphoto/images/prettyPhoto/light_rounded/btnNext.png]
[app.ergo7.net/surge/wp-content/plugins/js_composer/assets/lib/prettyphoto/images/prettyPhoto/light_rounded/btnPrevious.png]
[app.ergo7.net/surge/wp-content/plugins/js_composer/assets/lib/prettyphoto/images/prettyPhoto/light_rounded/loader.gif]
[app.ergo7.net/surge/wp-content/plugins/js_composer/assets/lib/prettyphoto/images/prettyPhoto/dark_rounded/sprite.png]
[app.ergo7.net/surge/wp-content/plugins/js_composer/assets/lib/prettyphoto/images/prettyPhoto/dark_rounded/contentPattern.png]
[app.ergo7.net/surge/wp-content/plugins/js_composer/assets/lib/prettyphoto/images/prettyPhoto/dark_rounded/btnNext.png]
[app.ergo7.net/surge/wp-content/plugins/js_composer/assets/lib/prettyphoto/images/prettyPhoto/dark_rounded/btnPrevious.png]
[app.ergo7.net/surge/wp-content/plugins/js_composer/assets/lib/prettyphoto/images/prettyPhoto/dark_rounded/loader.gif]
[app.ergo7.net/surge/wp-content/plugins/js_composer/assets/lib/prettyphoto/images/prettyPhoto/dark_square/loader.gif]
[app.ergo7.net/surge/wp-content/plugins/js_composer/assets/lib/prettyphoto/images/prettyPhoto/dark_square/sprite.png]
[app.ergo7.net/surge/wp-content/plugins/js_composer/assets/lib/prettyphoto/images/prettyPhoto/dark_square/btnNext.png]
[app.ergo7.net/surge/wp-content/plugins/js_composer/assets/lib/prettyphoto/images/prettyPhoto/dark_square/btnPrevious.png]
[app.ergo7.net/surge/wp-content/plugins/js_composer/assets/lib/prettyphoto/images/prettyPhoto/light_square/sprite.png]
[app.ergo7.net/surge/wp-content/plugins/js_composer/assets/lib/prettyphoto/images/prettyPhoto/light_square/btnNext.png]
[app.ergo7.net/surge/wp-content/plugins/js_composer/assets/lib/prettyphoto/images/prettyPhoto/light_square/btnPrevious.png]
[app.ergo7.net/surge/wp-content/plugins/js_composer/assets/lib/prettyphoto/images/prettyPhoto/facebook/sprite.png]
[app.ergo7.net/surge/wp-content/plugins/js_composer/assets/lib/prettyphoto/images/prettyPhoto/facebook/contentPatternTop.png]
[app.ergo7.net/surge/wp-content/plugins/js_composer/assets/lib/prettyphoto/images/prettyPhoto/facebook/contentPatternLeft.png]
[app.ergo7.net/surge/wp-content/plugins/js_composer/assets/lib/prettyphoto/images/prettyPhoto/facebook/contentPatternRight.png]
[app.ergo7.net/surge/wp-content/plugins/js_composer/assets/lib/prettyphoto/images/prettyPhoto/facebook/loader.gif]
[app.ergo7.net/surge/wp-content/plugins/js_composer/assets/lib/prettyphoto/images/prettyPhoto/facebook/btnNext.png]
[app.ergo7.net/surge/wp-content/plugins/js_composer/assets/lib/prettyphoto/images/prettyPhoto/facebook/btnPrevious.png]
[app.ergo7.net/surge/wp-content/plugins/js_composer/assets/lib/prettyphoto/images/prettyPhoto/facebook/contentPatternBottom.png]
[app.ergo7.net/surge/wp-content/plugins/js_composer/assets/lib/prettyphoto/images/prettyPhoto/facebook/default_thumbnail.gif]
[app.ergo7.net/surge/wp-content/plugins/js_composer/assets/lib/prettyphoto/css/prettyPhoto.min4245.css]
[app.ergo7.net/surge/wp-content/plugins/js_composer/assets/lib/owl-carousel2-dist/assets/owl.video.play.png]
[app.ergo7.net/surge/wp-content/plugins/js_composer/assets/lib/owl-carousel2-dist/assets/owl.min4245.css]
[app.ergo7.net/surge/wp-content/plugins/js_composer/assets/lib/bower/animate-css/animate.min4245.css]
[app.ergo7.net/surge/wp-content/plugins/js_composer/assets/css/js_composer_tta.min4245.css]
[app.ergo7.net/surge/wp-content/plugins/woocommerce/assets/fonts/WooCommerce.svg]
[app.ergo7.net/surge/wp-content/plugins/woocommerce/assets/images/icons/loader.svg]
[app.ergo7.net/surge/wp-content/plugins/woocommerce/assets/images/icons/credit-cards/visa.svg]
[app.ergo7.net/surge/wp-content/plugins/woocommerce/assets/images/icons/credit-cards/mastercard.svg]
[app.ergo7.net/surge/wp-content/plugins/woocommerce/assets/images/icons/credit-cards/laser.svg]
[app.ergo7.net/surge/wp-content/plugins/woocommerce/assets/images/icons/credit-cards/diners.svg]
[app.ergo7.net/surge/wp-content/plugins/woocommerce/assets/images/icons/credit-cards/maestro.svg]
[app.ergo7.net/surge/wp-content/plugins/woocommerce/assets/images/icons/credit-cards/jcb.svg]
[app.ergo7.net/surge/wp-content/plugins/woocommerce/assets/images/icons/credit-cards/amex.svg]
[app.ergo7.net/surge/wp-content/plugins/woocommerce/assets/images/icons/credit-cards/discover.svg]
[app.ergo7.net/surge/wp-content/plugins/js_composer/assets/lib/bower/font-awesome/fonts/fontawesome-webfont3e6e.svg]
[app.ergo7.net/surge/wp-content/plugins/js_composer/assets/fonts/vc_icons_v2/fonts/vcpb-plugin-iconsb82a.svg]
[app.ergo7.net/surge/wp-content/plugins/js_composer/assets/vc/blur.svg]
[app.ergo7.net/surge/wp-content/plugins/js_composer/assets/fonts/vc_grid/vc_grid_v157a1.svg]
[app.ergo7.net/surge/wp-content/plugins/woocommerce/assets/css/select24c8b.css]
[app.ergo7.net/surge/indexe539.html]
[app.ergo7.net/surge/wp-content/uploads/2018/04/andre-benz-276974-e1521182351480.html]
[app.ergo7.net/surge/index6aed.html]
[app.ergo7.net/surge/wp-content/plugins/woocommerce/assets/js/frontend/address-i18n.min4c8b.js]
[app.ergo7.net/surge/wp-content/plugins/woocommerce/assets/js/frontend/cart.min4c8b.js]
[app.ergo7.net/surge/wp-content/plugins/woocommerce/assets/js/selectWoo/selectWoo.full.min4b68.js]
[app.ergo7.net/surge/indexaa4f.html]
[app.ergo7.net/surge/index9e5e.html]
[app.ergo7.net/surge/index53ba.html]
[app.ergo7.net/surge/index.php/wp-json/oembed/1.0/embedd862]
[app.ergo7.net/surge/index.php/product/jazz/feed/index.html]
[app.ergo7.net/surge/index.php/wp-json/oembed/1.0/embed1c28.json]
[app.ergo7.net/surge/index.php/wp-json/oembed/1.0/embed50c5]
[app.ergo7.net/surge/wp-content/uploads/2018/03/product-3.jpg]
[app.ergo7.net/surge/wp-content/plugins/woocommerce/assets/js/zoom/jquery.zoom.min5a35.js]
[app.ergo7.net/surge/wp-content/plugins/js_composer/assets/lib/bower/flexslider/jquery.flexslider-min4245.js]
[app.ergo7.net/surge/wp-content/plugins/woocommerce/assets/js/photoswipe/photoswipe.min0235.js]
[app.ergo7.net/surge/wp-content/plugins/woocommerce/assets/js/photoswipe/photoswipe-ui-default.min0235.js]
[app.ergo7.net/surge/wp-content/plugins/woocommerce/assets/js/frontend/single-product.min4c8b.js]
[app.ergo7.net/surge/index.php/product/jazz/index.html]
[app.ergo7.net/surge/index.php/shop/indexa459.html]
[app.ergo7.net/surge/index.php/product/summer-style/feed/index.html]
[app.ergo7.net/surge/index.php/wp-json/oembed/1.0/embed2db8.json]
[app.ergo7.net/surge/index.php/wp-json/oembed/1.0/embeda860]
[app.ergo7.net/surge/wp-content/uploads/2018/03/product-1.jpg]
[app.ergo7.net/surge/index.php/product/summer-style/index.html]
[app.ergo7.net/surge/index.php/shop/index1881.html]
[app.ergo7.net/surge/index.php/product/summer-style-10/feed/index.html]
[app.ergo7.net/surge/index.php/wp-json/oembed/1.0/embed440c.json]
[app.ergo7.net/surge/index.php/wp-json/oembed/1.0/embedf0dc]
[app.ergo7.net/surge/wp-content/uploads/2018/03/product-10.jpg]
[app.ergo7.net/surge/index.php/product/summer-style-10/index.html]
[app.ergo7.net/surge/index.php/shop/indexb460.html]
[app.ergo7.net/surge/index.php/wp-json/oembed/1.0/embed7803.json]
[app.ergo7.net/surge/index.php/product/summer-style-2/feed/index.html]
[app.ergo7.net/surge/index.php/wp-json/oembed/1.0/embedbb8d]
[app.ergo7.net/surge/wp-content/uploads/2018/03/product-2.jpg]
[app.ergo7.net/surge/index.php/product/summer-style-2/index.html]
[app.ergo7.net/surge/index.php/shop/indexabc8.html]
[app.ergo7.net/surge/index.php/product/summer-style-3/feed/index.html]
[app.ergo7.net/surge/index.php/wp-json/oembed/1.0/embed5674.json]
[app.ergo7.net/surge/index.php/wp-json/oembed/1.0/embed3ab2]
[app.ergo7.net/surge/index.php/product/summer-style-3/index.html]
[app.ergo7.net/surge/index.php/shop/index8665.html]
[app.ergo7.net/surge/index.php/product/summer-style-4/feed/index.html]
[app.ergo7.net/surge/index.php/wp-json/oembed/1.0/embed89c9.json]
[app.ergo7.net/surge/index.php/wp-json/oembed/1.0/embed88d2]
[app.ergo7.net/surge/wp-content/uploads/2018/03/product-4.jpg]
[app.ergo7.net/surge/index.php/product/summer-style-4/index.html]
[app.ergo7.net/surge/index.php/product/summer-style-5/feed/index.html]
[app.ergo7.net/surge/index.php/wp-json/oembed/1.0/embed0aab.json]
[app.ergo7.net/surge/index.php/wp-json/oembed/1.0/embeda81a]
[app.ergo7.net/surge/wp-content/uploads/2018/03/product-5.jpg]
[app.ergo7.net/surge/index.php/product/summer-style-5/index.html]
[app.ergo7.net/surge/index.php/shop/index5743.html]
[app.ergo7.net/surge/index.php/wp-json/oembed/1.0/embed447f.json]
[app.ergo7.net/surge/index.php/product/summer-style-6/feed/index.html]
[app.ergo7.net/surge/index.php/wp-json/oembed/1.0/embed3063]
[app.ergo7.net/surge/wp-content/uploads/2018/03/product-6.jpg]
[app.ergo7.net/surge/index.php/product/summer-style-6/index.html]
[app.ergo7.net/surge/index.php/shop/index9307.html]
[app.ergo7.net/surge/index.php/wp-json/oembed/1.0/embedf5ae.json]
[app.ergo7.net/surge/index.php/product/summer-style-7/feed/index.html]
[app.ergo7.net/surge/index.php/wp-json/oembed/1.0/embed3ae9]
[app.ergo7.net/surge/wp-content/uploads/2018/03/product-7.jpg]
[app.ergo7.net/surge/index.php/product/summer-style-7/index.html]
[app.ergo7.net/surge/index.php/shop/index2a51.html]
[app.ergo7.net/surge/index.php/product/summer-style-8/feed/index.html]
[app.ergo7.net/surge/index.php/wp-json/oembed/1.0/embedccf6.json]
[app.ergo7.net/surge/index.php/wp-json/oembed/1.0/embedf798]
[app.ergo7.net/surge/wp-content/uploads/2018/03/product-8.jpg]
[app.ergo7.net/surge/index.php/product/summer-style-8/index.html]
[app.ergo7.net/surge/index.php/shop/index6118.html]
[app.ergo7.net/surge/index.php/product/summer-style-9/feed/index.html]
[app.ergo7.net/surge/index.php/wp-json/oembed/1.0/embed7f8b.json]
[app.ergo7.net/surge/index.php/wp-json/oembed/1.0/embed6556]
[app.ergo7.net/surge/wp-content/uploads/2018/03/product-9.jpg]
[app.ergo7.net/surge/index.php/product/summer-style-9/index.html]
[app.ergo7.net/surge/index.php/shop/indexb645.html]
[app.ergo7.net/surge/index.php/product/tickets/feed/index.html]
[app.ergo7.net/surge/index.php/wp-json/oembed/1.0/embedd540.json]
[app.ergo7.net/surge/index.php/wp-json/oembed/1.0/embed93d0]
[app.ergo7.net/surge/index.php/product/tickets/index.html]
[app.ergo7.net/surge/index.php/shop/index5497.html]
[app.ergo7.net/surge/index8a7d.html]
[app.ergo7.net/surge/index970c.html]
[app.ergo7.net/surge/indexb190.html]
[app.ergo7.net/surge/index5cfa.html]
[app.ergo7.net/surge/index678b.html]
[app.ergo7.net/surge/indexbb46.html]
[app.ergo7.net/surge/index61a9.html]
[app.ergo7.net/surge/index3e0b.html]
[app.ergo7.net/surge/xmlrpc.php]
[app.ergo7.net/surge/index.php/category/fest/index.html]
[app.ergo7.net/surge/index.php/category/music/index.html]
[app.ergo7.net/surge/index.php/category/fest/feed/index.html]
[app.ergo7.net/surge/index.php/2018/05/index.html]
[app.ergo7.net/surge/index.php/category/uncategorized/index.html]
[app.ergo7.net/surge/index.php/category/music/feed/index.html]
[app.ergo7.net/surge/wp-content/plugins/woocommerce/assets/css/photoswipe/default-skin/default-skin.png]
[app.ergo7.net/surge/wp-content/plugins/woocommerce/assets/css/photoswipe/photoswipe4c8b.css]
[app.ergo7.net/surge/index.php/category/uncategorized/feed/index.html]
[app.ergo7.net/surge/wp-content/plugins/woocommerce/assets/css/photoswipe/default-skin/preloader.gif]
[app.ergo7.net/surge/wp-content/plugins/woocommerce/assets/css/photoswipe/default-skin/default-skin4c8b.css]
[app.ergo7.net/surge/indexc9fb.html]
[app.ergo7.net/surge/index.php/product-category/uncategorized/index.html]
[app.ergo7.net/surge/index.php/product/jazz/indexb460.html]
[app.ergo7.net/surge/index.php/product/jazz/index5497.html]
[app.ergo7.net/surge/index.php/product-category/uncategorized/feed/index.html]
[app.ergo7.net/surge/index68e0.html]
[app.ergo7.net/surge/index17d2.html]
[app.ergo7.net/surge/index.php/product/summer-style-10/indexa459.html]
[app.ergo7.net/surge/index.php/product/summer-style-10/index5497.html]
[app.ergo7.net/surge/index230e.html]
[app.ergo7.net/surge/index1ab8.html]
[app.ergo7.net/surge/indexc257.html]
[app.ergo7.net/surge/indexad2c.html]
[app.ergo7.net/surge/index9a52.html]
[app.ergo7.net/surge/index28f2.html]
[app.ergo7.net/surge/indexd85d.html]
[app.ergo7.net/surge/indexcfcd.html]
[app.ergo7.net/surge/index87e6.html]
[app.ergo7.net/surge/index.php/product/tickets/indexa459.html]
[app.ergo7.net/surge/index.php/product/tickets/indexb460.html]
[app.ergo7.net/surge/wp-content/plugins/woocommerce/assets/css/photoswipe/default-skin/default-skin.svg]
[app.ergo7.net/surge/index.php/product-category/uncategorized/indexa459.html]
[app.ergo7.net/surge/index.php/product-category/uncategorized/indexb460.html]
[app.ergo7.net/surge/index.php/product-category/uncategorized/index5497.html]
